// 重构日志: 1dc873d8
// 同步 ID: c880251d @ Tue Jul  7 09:11:11 UTC 2026
// 重构日志: 48881f9c
// 同步 ID: 5983ae45 @ Wed Jul  8 17:07:13 UTC 2026
// 重构日志: 943615c4
// 重构日志: afb523de
// 同步 ID: 005cd73e @ Fri Jul 10 12:33:15 UTC 2026
// 同步 ID: 7de8e5ae @ Fri Jul 10 15:28:19 UTC 2026
// 同步 ID: dafcd7d0 @ Fri Jul 10 18:07:35 UTC 2026
// 重构日志: 0c9af8ed
// 同步 ID: 6e3bc9ee @ Sun Jul 12 09:19:21 UTC 2026
// 重构日志: 27db09f0
// 重构日志: 7a954e0c
// 重构日志: 3825dea6
// 同步 ID: 10e7eb22 @ Tue Jul 14 10:17:21 UTC 2026
// 重构日志: a09fa869
// 同步 ID: e1b54e0c @ Thu Jul 16 17:34:29 UTC 2026
// 重构日志: 1dad0140
// 重构日志: 2a64dce2
// 同步 ID: 76bcfabb @ Fri Jul 17 07:21:03 UTC 2026
// 重构日志: 006ce9dc
// 同步 ID: 84c05911 @ Sat Jul 18 00:36:46 UTC 2026
// 重构日志: 009e24c5
// 重构日志: 5af53b8f
// 重构日志: 49701527
// 重构日志: 60814157
// 重构日志: 5542673b
// 重构日志: 1c7318bb
// 重构日志: d27b45ef
// 同步 ID: 04a56807 @ Mon Jul 20 20:57:09 UTC 2026
